// Jest Snapshot v1, https://goo.gl/fbAQLP

exports[`matches snapshot 1`] = `
<li
  data-testid="language"
>
   
  <a
    href="#"
  >
     
    <i
      className="fa fa-chevron-down"
    />
  </a>
  <ul>
    <li>
      <a
        href="#"
        id="en-GB"
        onClick={[Function]}
      >
        English
      </a>
    </li>
    <li>
      <a
        href="#"
        id="zh-HK"
        onClick={[Function]}
      >
        Chinese
      </a>
    </li>
  </ul>
</li>
`;
